---
source: crates/symbolicator-service/tests/integration/sourcemap.rs
assertion_line: 243
expression: response.unwrap()
---
stacktraces:
  - frames:
      - function: "<unknown>"
        filename: /test.js
        abs_path: "http://example.com/test.js"
        lineno: 1
        colno: 1
        context_line: "console.log('hello, World!')"
        data:
          sourcemap: "http://example.com/test.min.js"
raw_stacktraces:
  - frames:
      - filename: test.js
        abs_path: "http://example.com/test.min.js"
        lineno: 1
        colno: 1
        context_line: // <generated source>
        post_context:
          - "// Decoded sourcemap: {\"version\":3,\"file\":\"generated.js\",\"sources\":[\"/test.js\"],\"names\":[],\"mappings\":\"AAAA\",\"sourcesContent\":[\"console.log( {snip}"
          - "//# sourceMappingURL=data:application/json;base64,eyJ2ZXJzaW9uIjozLCJmaWxlIjoiZ2VuZXJhdGVkLmpzIiwic291cmNlcyI6WyIvdGVzdC5qcyJdLCJuYW1lcyI6W1 {snip}"

