---
source: crates/symbolicator-service/tests/integration/sourcemap.rs
assertion_line: 342
expression: response.unwrap()
---
stacktraces:
  - frames:
      - filename: test.js
        abs_path: http//example.com/test.min.js
        lineno: 1
        colno: 1
raw_stacktraces:
  - frames:
      - filename: test.js
        abs_path: http//example.com/test.min.js
        lineno: 1
        colno: 1
errors:
  - abs_path: http//example.com/test.min.js
    type: missing_source

