---
source: crates/symbolicator-service/tests/integration/public_sources.rs
assertion_line: 83
expression: response.unwrap()
---
stacktraces:
  - frames:
      - status: symbolicated
        original_index: 0
        instruction_addr: "0x7fa923b1df1a"
        package: /usr/lib/x86_64-linux-gnu/libc.so.6
        lang: c
        symbol: __pthread_cond_wait_common
        function: __pthread_cond_wait_common
        filename: pthread_cond_wait.c
        abs_path: nptl/nptl/pthread_cond_wait.c
        lineno: 503
      - status: symbolicated
        original_index: 0
        instruction_addr: "0x7fa923b1df1a"
        package: /usr/lib/x86_64-linux-gnu/libc.so.6
        lang: c
        symbol: __GI___pthread_cond_timedwait
        sym_addr: "0x7fa923b1dce0"
        function: __GI___pthread_cond_timedwait
        filename: pthread_cond_wait.c
        abs_path: nptl/nptl/pthread_cond_wait.c
        lineno: 652
modules:
  - debug_status: found
    features:
      has_debug_info: true
      has_unwind_info: false
      has_symbols: true
      has_sources: false
    arch: x86_64
    type: elf
    code_id: 69389d485a9793dbe873f0ea2c93e02efaa9aa3d
    code_file: /usr/lib/x86_64-linux-gnu/libc.so.6
    debug_id: 489d3869-975a-db93-e873-f0ea2c93e02e
    debug_file: /usr/lib/x86_64-linux-gnu/libc.so.6
    image_addr: "0x7fa923a8a000"
    image_size: 1822720
    candidates:
      - source: ubuntu
        location: No object files listed on this source
        download:
          status: notfound
      - source: ubuntu
        location: "https://debuginfod.ubuntu.com/buildid/69389d485a9793dbe873f0ea2c93e02efaa9aa3d/debuginfo"
        download:
          status: ok
          features:
            has_debug_info: true
            has_unwind_info: false
            has_symbols: true
            has_sources: false
        debug:
          status: ok
      - source: ubuntu
        location: "https://debuginfod.ubuntu.com/buildid/69389d485a9793dbe873f0ea2c93e02efaa9aa3d/executable"
        download:
          status: notfound

