---
source: crates/symbolicator-service/tests/integration/sourcemap.rs
assertion_line: 495
expression: response.unwrap()
---
stacktraces:
  - frames:
      - function: foo
        filename: module.js
        abs_path: "app:///module.js"
        lineno: 2
        colno: 11
        pre_context:
          - "export function foo() {"
        context_line: "    throw new Error(\"lets throw!\");"
        post_context:
          - "}"
        data:
          sourcemap: "app:///index.android.bundle.map"
raw_stacktraces:
  - frames:
      - abs_path: "app:///index.android.bundle"
        lineno: 1
        colno: 11940

