---
source: crates/symbolicator/src/endpoints/symbolicate.rs
expression: response
---
stacktraces:
  - registers:
      eip: "0x1509530"
    frames:
      - status: symbolicated
        original_index: 0
        instruction_addr: "0x749d37f2"
        package: "C:\\Windows\\System32\\kernel32.dll"
        symbol: memcpy
        sym_addr: "0x749d37f2"
        function: memcpy
        lineno: 0
modules:
  - debug_status: found
    features:
      has_debug_info: true
      has_unwind_info: true
      has_symbols: true
      has_sources: false
    arch: x86
    type: pe
    code_file: "C:\\Windows\\System32\\kernel32.dll"
    debug_id: 3249d99d-0c40-4931-8610-f4e4fb0b6936-1
    debug_file: "C:\\Windows\\System32\\crash.pdb"
    image_addr: "0x749d0000"
    image_size: 851968
