---
source: crates/symbolicator-js/tests/integration/sourcemap.rs
assertion_line: 631
expression: response
---
stacktraces:
  - frames:
      - function: onFailure
        filename: test.js
        module: files/test
        abs_path: "http://localhost:<port>/files/test.js"
        lineno: 5
        colno: 11
        pre_context:
          - "var makeAFailure = (function() {"
          - "  function onSuccess(data) {}"
          - ""
          - "  function onFailure(data) {"
        context_line: "    throw new Error('failed!');"
        post_context:
          - "  }"
          - ""
          - "  function invoke(data) {"
          - "    var cb = null;"
          - "    if (data.failed) {"
        data:
          sourcemap: "http://localhost:<port>/files/app.js.map"
          sourcemap_origin:
            scraped_file: "http://localhost:64973/files/app.js.map#1714123653"
          resolved_with: scraping
          symbolicated: true
raw_stacktraces:
  - frames:
      - abs_path: "http://localhost:<port>/files/app.js"
        lineno: 1
        colno: 64
        context_line: "var makeAFailure=function(){function n(n){}function e(n){throw new Error(\"failed!\")}function r(r){var i=null;if(r.failed){i=e}else{i=n}i(r)} {snip}"
        post_context:
          - ""
          - ""
          - "//# sourceMappingURL=a.different.map"
          - ""
          - //@ sourceMappingURL=another.different.map
scraping_attempts:
  - url: "http://localhost:<port>/files/app.js"
    status: success
  - url: "http://localhost:<port>/files/app.js.map"
    status: success
