---
source: crates/symbolicator-js/tests/integration/sourcemap.rs
assertion_line: 584
expression: response
---
stacktraces:
  - frames:
      - function: Object.<anonymous>
        filename: "../../this is a söurce path/entrypoint1.js"
        abs_path: /Users/lucaforstner/code/github/getsentry/sentry-javascript-bundler-plugins/packages/playground/this is a söurce path/entrypoint1.js
        lineno: 29
        colno: 1
        pre_context:
          - "  debug: true,"
          - "  integrations: () => [],"
          - "});"
          - ""
          - // asdfaf
        context_line: "Sentry.captureException(new Error(\"Errör\"));"
        data:
          sourcemap: /Users/lucaforstner/code/github/getsentry/sentry-javascript-bundler-plugins/packages/playground/öut path/rollup/entrypoint1.js.map
          sourcemap_origin:
            bundled:
              - "sentry://project_debug_file/1"
              - source_map:
                  abs_path: /Users/lucaforstner/code/github/getsentry/sentry-javascript-bundler-plugins/packages/playground/öut path/rollup/entrypoint1.js.map
                  debug_id: 2f259f80-58b7-44cb-d7cd-de1505e7e718
          resolved_with: debug-id
          symbolicated: true
raw_stacktraces:
  - frames:
      - function: Object.<anonymous>
        abs_path: /Users/lucaforstner/code/github/getsentry/sentry-javascript-bundler-plugins/packages/playground/öut path/rollup/entrypoint1.js
        lineno: 73
        colno: 36
        pre_context:
          - "  debug: true,"
          - "  integrations: () => [],"
          - "});"
          - ""
          - // asdfaf
        context_line: "Sentry__namespace.captureException(new Error(\"Errör\"));"
        post_context:
          - ""
          - exports.getGlobal = getGlobal;
          - exports.main = main;
          - "//# sourceMappingURL=entrypoint1.js.map"
          - ""
        data:
          symbolicated: false
scraping_attempts:
  - url: /Users/lucaforstner/code/github/getsentry/sentry-javascript-bundler-plugins/packages/playground/öut path/rollup/entrypoint1.js
    status: not_attempted
  - url: /Users/lucaforstner/code/github/getsentry/sentry-javascript-bundler-plugins/packages/playground/öut path/rollup/entrypoint1.js.map
    status: not_attempted
